octave:11> ./ A
error: parse error:

  syntax error

>>> ./ A
     ^
octave:11> log(A)
ans =

        0   0.6931
   1.0986   1.3863
   1.6094   1.7918

octave:12> exp(A)
ans =

     2.7183     7.3891
    20.0855    54.5982
   148.4132   403.4288

octave:13> A'
ans =

   1   3   5
   2   4   6

octave:14> a = [1 15 2 0.5]
a =

    1.0000   15.0000    2.0000    0.5000

octave:15> val = max(a)
val = 15
octave:16> [val, ind] = max(a)
val = 15
ind = 2
octave:17>
octave:17> max(A)
ans =

   5   6

octave:18> a
a =

    1.0000   15.0000    2.0000    0.5000

octave:19> a < 2
ans =

  1  0  0  1

octave:20> find(a < 3)
ans =

   1   3   4

octave:21> magic(a)
octave:22> magic(a < 3)
octave:23> A = magic(3)
A =

   8   1   6
   3   5   7
   4   9   2

octave:24> [r, c] = find(A >= 7)
r =

   1
   3
   2

c =

   1
   2
   3

octave:25> rand(3)
ans =

   0.475234   0.497363   0.576812
   0.078155   0.821253   0.070453
   0.389846   0.466444   0.377387

octave:26> max(rand(3), rand(3))
ans =

   0.9694   0.8967   0.5945
   0.8614   0.4136   0.9505
   0.6374   0.8773   0.7844

octave:27> A
A =

   8   1   6
   3   5   7
   4   9   2

octave:28> max(A, [], 1)
ans =

   8   9   7

octave:29> max(A, [], 2)
ans =

   8
   7
   9

octave:30> max(A(:))
ans = 9
octave:31> A = magic(9)
A =

   47   58   69   80    1   12   23   34   45
   57   68   79    9   11   22   33   44   46
   67   78    8   10   21   32   43   54   56
   77    7   18   20   31   42   53   55   66
    6   17   19   30   41   52   63   65   76
   16   27   29   40   51   62   64   75    5
   26   28   39   50   61   72   74    4   15
   36   38   49   60   71   73    3   14   25
   37   48   59   70   81    2   13   24   35

octave:32> sum(A, 1)
ans =

   369   369   369   369   369   369   369   369   369

octave:33> sum(A, 2)
ans =

   369
   369
   369
   369
   369
   369
   369
   369
   369

octave:34> eye(9)
ans =

Diagonal Matrix

   1   0   0   0   0   0   0   0   0
   0   1   0   0   0   0   0   0   0
   0   0   1   0   0   0   0   0   0
   0   0   0   1   0   0   0   0   0
   0   0   0   0   1   0   0   0   0
   0   0   0   0   0   1   0   0   0
   0   0   0   0   0   0   1   0   0
   0   0   0   0   0   0   0   1   0
   0   0   0   0   0   0   0   0   1

octave:35> A .* eye(9)
ans =

   47    0    0    0    0    0    0    0    0
    0   68    0    0    0    0    0    0    0
    0    0    8    0    0    0    0    0    0
    0    0    0   20    0    0    0    0    0
    0    0    0    0   41    0    0    0    0
    0    0    0    0    0   62    0    0    0
    0    0    0    0    0    0   74    0    0
    0    0    0    0    0    0    0   14    0
    0    0    0    0    0    0    0    0   35

octave:36> sum(sum(A .* eye(9)))
ans = 369
octave:37> sum(sum(A .* flipup(eye(9))))
error: 'flipup' undefined near line 1, column 1
octave:38> sum(sum(A .* flipup(eye(9))))
error: 'flipup' undefined near line 1, column 1
octave:39> flipup(eye(9))
error: 'flipup' undefined near line 1, column 1
octave:40> sum(sum(A .* flipud(eye(9))))
ans = 369
octave:41> pinv(A)
ans =

 Columns 1 through 4:

   4.5353e-04  -1.2230e-03   1.6729e-03   1.2647e-02
   3.0111e-04   3.0111e-04   1.2801e-02  -1.2199e-02
  -1.0706e-03   1.4019e-02  -1.2045e-02   3.0091e-04
   1.2647e-02  -1.2045e-02   3.0132e-04   3.0300e-04
  -1.0810e-02   3.0111e-04   3.0111e-04   3.0111e-04
   2.8418e-04   4.7047e-04   1.4870e-04  -1.0706e-03
   3.0300e-04   2.8230e-04   3.1805e-04   4.5353e-04
   3.0111e-04   3.0111e-04  -1.0878e-03   1.6900e-03
   3.0091e-04   3.0320e-04   2.9923e-04   2.8418e-04

 Columns 5 through 8:

  -1.2062e-02   3.1805e-04   3.0300e-04   2.9902e-04
   3.0111e-04  -1.0878e-03   1.6900e-03   3.0111e-04
   4.5374e-04   1.4870e-04   2.8418e-04   3.1993e-04
  -1.0725e-03   1.6729e-03   4.5353e-04   1.3176e-04
   3.0111e-04   3.0111e-04   3.0111e-04   3.0111e-04
   1.6747e-03   2.9923e-04   3.0091e-04   1.2647e-02
   1.4849e-04   3.0132e-04   1.2647e-02  -1.3416e-02
   3.0111e-04   1.2801e-02  -1.2199e-02   3.0111e-04
   1.2664e-02  -1.2045e-02  -1.0706e-03   1.8253e-03

 Column 9:

   3.0132e-04
   3.0111e-04
   2.9923e-04
   3.1805e-04
   1.1412e-02
  -1.2045e-02
   1.6729e-03
   3.0111e-04
   1.4870e-04

octave:42> A = magic(3)
A =

   8   1   6
   3   5   7
   4   9   2

octave:43> pinv(A)
ans =

   0.147222  -0.144444   0.063889
  -0.061111   0.022222   0.105556
  -0.019444   0.188889  -0.102778